[2026-09-12 05:33:47] Aplicația a pornit.
[2026-09-12 05:33:48] Pornesc scanarea, sursă: pornire automată.
[2026-09-12 05:33:48] Deschid baza locală.
[2026-09-12 05:33:48] Calculez semnătura produselor locale.
[2026-09-12 05:33:49] Verific nomenclatorul disponibil online.
[2026-09-12 05:33:50] Scanarea a eșuat: cod_client nu corespunde cu API key.
[2026-09-12 05:43:50] Pornesc scanarea, sursă: programare automată.
[2026-09-12 05:43:50] Deschid baza locală.
[2026-09-12 05:43:50] Calculez semnătura produselor locale.
[2026-09-12 05:43:51] Verific nomenclatorul disponibil online.
[2026-09-12 05:43:51] Scanarea a eșuat: cod_client nu corespunde cu API key.
[2026-09-12 05:53:51] Pornesc scanarea, sursă: programare automată.
[2026-09-12 05:53:51] Deschid baza locală.
[2026-09-12 05:53:51] Calculez semnătura produselor locale.
[2026-09-12 05:53:52] Verific nomenclatorul disponibil online.
[2026-09-12 05:53:53] Import produse început. Online: 17448 produse.
[2026-09-12 05:53:53] Copie de siguranță creată: C:\xampp\htdocs\github\instalari_offline_ecogest\andreearobertshop\api_offline_ecogest_andreearobertshop\db_local\backups_products_sync\pos_before_products_sync_20260912_055353.db
[2026-09-12 05:53:55] Nomenclatorul este deja sincronizat. Produse verificate: 17448.
[2026-09-12 05:54:39] Aplicația a pornit.
[2026-09-12 05:54:39] Pornesc scanarea, sursă: pornire automată.
[2026-09-12 05:54:39] Deschid baza locală.
[2026-09-12 05:54:39] Calculez semnătura produselor locale.
[2026-09-12 05:54:40] Verific nomenclatorul disponibil online.
[2026-09-12 05:54:42] Nomenclatorul este deja sincronizat. Produse verificate: 17448.
